 install git .
 
 3  mkdir playground
    4  git status
    5  git init    Which folder we create GIT version . Every new folder we can run init git.
    6  git status
    7  ls
    8  pwd
   
   10  cd playground/
   11  git status
   12  cd ..
   13  ls -la
   14  rm -rf .git   Git init stop korte chaile .
   15  ls
   16  git status
   17  cd playground/
   18  git init
   19  git status
   20  pwd
   21  touch linux.txt 
   22  git status
   23  git add linux.txt   Git follow koro linux file ke
   24  git status
   25  git commit -m "test newly git"
   26  history
   
   * File Author Set ::
   
		git config --global user.name ashis
   31  git config --global user.email ashis103@gmail.com


 33  touch testfile  New File
   34  vi testfile
   35  git status
   36  git add .   All file in track
   37  git status
   38  git rm --cached testfile   * testfile ke untrack kora 
   39  git status

Git File systems delete hole restroe kora jae .....

 47  rm testfile
   48  git status
   49  git restore testfile
   50  git status
   51  history
We change Globasl config ::
   
52  git config --global --list
53  git config --global core.editor "vim"
54  git config --global --list
55  git status

* Global Config change kora 
git config --global --edit

Branc change 
git reset --hard 27664d023f4fccaa1848af

Make another branch and Merge 

62  git status
   63  git checkout -b dev  ** New Branch **
   64  git status
   65  touch parti.txt    *New Branch a file *
   66  git status
   67  git add .
   68  git commit -m "version 3"
   69  git status
   70  git log
   71  git status
   73  git branch
   74  git switch master   
   75  ls
   77  git merge dev
   78  git status
   79  git log
   80  ls
 88  mkdir projects
   89  cd projects/
   90  git clone https://github.com/ashis103/git-details.git
   91  ls
   92  cd git-details/
   93  ls
   94  git remote  -v
   95  touch my-remore-test.txt
142  git branch  * check how much branch*
  143  git checkout -b deve   * switch branch*
  144  ls
  145  git log
  146  touch newfile
  147  git add .
  148  git commit -m "add new file in local branch"
  149  git status
  150  ls
  151  git log
  152  get remote -v
  153  git remote -v
  155  git remote -v
  156  git push origin main  ** Check git status which branch are you in *
  157  git branch
  160  git remote set-url origin  https://ghp_fKUqToken@github.com/ashis103/git-details.git
  161  git push origin main  * Wrong command cause you set in Deve brnach::*
  162  ls
  163  git status
  164  vi newfile
  165  history
  166  git checkout -b deve
  167  ls
  168  git status
  169  git add .
  170  git commit -m "new file add for push"
  171  git push origin main
  172  vi newfile
  173  ls
  174  git status
  175  git push origin deve
  176  git pull
  177  git status
  178  git switch main
  179  git status
** File revert ::: revert korle file deleted hoye jae .....

 269  touch file3
  270  git add .
  271  git commit -m "level3"
  272  git log --oneline
  273  git revert eef5533
  274  git log --oneline
** Reset korle up er sob file deleted hoye jabe ....

7ed2eaa comiit l 2
20ff9a0 commit1
ubuntu@ip-172-31-47-42:~/playground/project/linux$ git reset --hard 7ed2eaa
HEAD is now at 7ed2eaa comiit l 2
ubuntu@ip-172-31-47-42:~/playground/project/linux$ git log --oneline
7ed2eaa (HEAD -> main) comiit l 2
20ff9a0 commit1

** Chery Pic :: File move from other branch ...

283  git switch dev
  284  git log --oneline
  285  git switch main
  286  git log --oneline
  287  git cherry-pick 20ff9a0  ( 9a0 Dev branch er file)
  288  git log --oneline
  289  git cherry-pick b906bc4
  290  git log --oneline

** Stash Kore Emergency Kaj kore again temp file kaj korbo**

 ** Stash Kore Kaj Temp save kore rakhboo ** jate another branch kaj korte pari
 293  vi test.sh
  294  git log --oneline
  295  git add .
  296  git stash
  297  history
  298  git stash list
  299  git stash pop
  git stash clear

